mode: set
github.com/ashwani29/calculator/backend/internal/calculator/calculator.go:30.2,30.14 1 1
github.com/ashwani29/calculator/backend/internal/calculator/calculator.go:31.3,32.1 1 1
github.com/ashwani29/calculator/backend/internal/calculator/calculator.go:33.2,33.24 1 1
github.com/ashwani29/calculator/backend/internal/calculator/calculator.go:39.2,40.1 1 1
github.com/ashwani29/calculator/backend/internal/calculator/calculator.go:44.67,44.86 1 1
github.com/ashwani29/calculator/backend/internal/calculator/calculator.go:45.67,45.86 1 1
github.com/ashwani29/calculator/backend/internal/calculator/calculator.go:46.67,46.86 1 1
github.com/ashwani29/calculator/backend/internal/calculator/calculator.go:48.3,48.13 1 1
github.com/ashwani29/calculator/backend/internal/calculator/calculator.go:49.4,50.1 1 1
github.com/ashwani29/calculator/backend/internal/calculator/calculator.go:51.3,51.20 1 1
github.com/ashwani29/calculator/backend/internal/calculator/calculator.go:53.66,53.94 1 1
github.com/ashwani29/calculator/backend/internal/calculator/calculator.go:54.66,54.91 1 1
github.com/ashwani29/calculator/backend/internal/calculator/calculator.go:56.3,56.12 1 1
github.com/ashwani29/calculator/backend/internal/calculator/calculator.go:57.4,58.1 1 1
github.com/ashwani29/calculator/backend/internal/calculator/calculator.go:59.3,59.27 1 1
github.com/ashwani29/calculator/backend/internal/calculator/calculator.go:64.2,64.14 1 1
github.com/ashwani29/calculator/backend/internal/calculator/calculator.go:65.3,66.1 1 1
github.com/ashwani29/calculator/backend/internal/calculator/calculator.go:67.2,67.50 1 1
github.com/ashwani29/calculator/backend/internal/calculator/calculator.go:68.3,69.1 1 1
github.com/ashwani29/calculator/backend/internal/calculator/calculator.go:70.2,70.92 1 1
github.com/ashwani29/calculator/backend/internal/calculator/calculator.go:71.3,72.1 1 1
github.com/ashwani29/calculator/backend/internal/calculator/calculator.go:73.2,74.9 2 1
github.com/ashwani29/calculator/backend/internal/calculator/calculator.go:75.3,76.1 1 1
github.com/ashwani29/calculator/backend/internal/calculator/calculator.go:77.2,78.16 2 1
github.com/ashwani29/calculator/backend/internal/calculator/calculator.go:79.3,80.1 1 1
github.com/ashwani29/calculator/backend/internal/calculator/calculator.go:81.2,81.49 1 1
github.com/ashwani29/calculator/backend/internal/calculator/calculator.go:82.3,83.1 1 1
github.com/ashwani29/calculator/backend/internal/calculator/calculator.go:84.2,84.20 1 1
github.com/ashwani29/calculator/backend/internal/calculator/calculator.go:88.2,89.1 1 1
github.com/ashwani29/calculator/backend/internal/httpapi/handler.go:29.2,32.1 4 1
github.com/ashwani29/calculator/backend/internal/httpapi/handler.go:33.2,34.1 4 1
github.com/ashwani29/calculator/backend/internal/httpapi/handler.go:37.2,38.1 1 1
github.com/ashwani29/calculator/backend/internal/httpapi/handler.go:46.2,46.19 1 1
github.com/ashwani29/calculator/backend/internal/httpapi/handler.go:47.3,48.1 1 0
github.com/ashwani29/calculator/backend/internal/httpapi/handler.go:50.2,51.38 2 1
github.com/ashwani29/calculator/backend/internal/httpapi/handler.go:55.2,55.19 1 1
github.com/ashwani29/calculator/backend/internal/httpapi/handler.go:56.3,57.1 1 0
github.com/ashwani29/calculator/backend/internal/httpapi/handler.go:59.2,59.37 1 1
github.com/ashwani29/calculator/backend/internal/httpapi/handler.go:63.2,63.71 1 1
github.com/ashwani29/calculator/backend/internal/httpapi/handler.go:64.3,67.1 5 1
github.com/ashwani29/calculator/backend/internal/httpapi/handler.go:68.3,69.18 5 1
github.com/ashwani29/calculator/backend/internal/httpapi/handler.go:70.4,71.1 1 0
github.com/ashwani29/calculator/backend/internal/httpapi/handler.go:73.3,79.4 1 1
github.com/ashwani29/calculator/backend/internal/httpapi/handler.go:84.2,87.1 5 1
github.com/ashwani29/calculator/backend/internal/httpapi/handler.go:88.2,89.47 5 1
github.com/ashwani29/calculator/backend/internal/httpapi/handler.go:90.3,92.1 2 1
github.com/ashwani29/calculator/backend/internal/httpapi/handler.go:94.2,95.60 2 1
github.com/ashwani29/calculator/backend/internal/httpapi/handler.go:96.3,98.1 2 0
github.com/ashwani29/calculator/backend/internal/httpapi/handler.go:100.2,101.16 2 1
github.com/ashwani29/calculator/backend/internal/httpapi/handler.go:102.3,104.1 2 1
github.com/ashwani29/calculator/backend/internal/httpapi/handler.go:106.2,106.56 1 1
github.com/ashwani29/calculator/backend/internal/httpapi/handler.go:110.2,111.33 2 1
github.com/ashwani29/calculator/backend/internal/httpapi/handler.go:112.3,114.1 2 1
github.com/ashwani29/calculator/backend/internal/httpapi/handler.go:116.2,117.25 2 1
github.com/ashwani29/calculator/backend/internal/httpapi/handler.go:119.3,119.47 1 1
github.com/ashwani29/calculator/backend/internal/httpapi/handler.go:121.3,121.67 1 1
github.com/ashwani29/calculator/backend/internal/httpapi/handler.go:124.2,124.63 1 1
github.com/ashwani29/calculator/backend/internal/httpapi/handler.go:128.2,129.102 2 1
github.com/ashwani29/calculator/backend/internal/httpapi/handler.go:130.3,131.1 1 1
github.com/ashwani29/calculator/backend/internal/httpapi/handler.go:133.2,133.52 1 1
github.com/ashwani29/calculator/backend/internal/httpapi/handler.go:137.2,140.1 3 1
github.com/ashwani29/calculator/backend/internal/httpapi/handler.go:143.2,143.71 1 1
github.com/ashwani29/calculator/backend/internal/httpapi/handler.go:144.3,147.37 4 1
github.com/ashwani29/calculator/backend/internal/httpapi/handler.go:148.4,150.1 2 0
github.com/ashwani29/calculator/backend/internal/httpapi/handler.go:152.3,152.23 1 1
